// Jest Snapshot v1, https://goo.gl/fbAQLP

exports[`<Error /> Snapshot 1`] = `
<DocumentFragment>
  <div
    class="block dark:bg-gray-900 dark:text-gray-500 p-10"
  >
    errored
  </div>
</DocumentFragment>
`;
