// Jest Snapshot v1, https://goo.gl/fbAQLP

exports[`<SkeletonList /> Snapshot 1`] = `
<DocumentFragment>
  <div
    class="dark:bg-gray-900 p-10 grid gap-5 grid-cols-4"
  >
    <div
      class="dark:bg-gray-900"
    >
      <div
        class="shadow rounded-md max-w-sm w-full mx-auto"
      >
        <div
          class="bg-slate-500 h-40 w-30 rounded"
        />
        <div
          class="animate-pulse flex space-x-4"
        >
          <div
            class="flex-1 space-y-6 py-1"
          >
            <div
              class="space-y-3"
            >
              <div
                class="grid grid-cols-3 gap-3"
              >
                <div
                  class="h-2 bg-slate-500 rounded col-span-2"
                />
                <div
                  class="h-2 bg-slate-500 rounded col-span-1"
                />
              </div>
              <div
                class="h-2 bg-slate-500 rounded"
              />
            </div>
          </div>
        </div>
      </div>
    </div>
    <div
      class="dark:bg-gray-900"
    >
      <div
        class="shadow rounded-md max-w-sm w-full mx-auto"
      >
        <div
          class="bg-slate-500 h-40 w-30 rounded"
        />
        <div
          class="animate-pulse flex space-x-4"
        >
          <div
            class="flex-1 space-y-6 py-1"
          >
            <div
              class="space-y-3"
            >
              <div
                class="grid grid-cols-3 gap-3"
              >
                <div
                  class="h-2 bg-slate-500 rounded col-span-2"
                />
                <div
                  class="h-2 bg-slate-500 rounded col-span-1"
                />
              </div>
              <div
                class="h-2 bg-slate-500 rounded"
              />
            </div>
          </div>
        </div>
      </div>
    </div>
    <div
      class="dark:bg-gray-900"
    >
      <div
        class="shadow rounded-md max-w-sm w-full mx-auto"
      >
        <div
          class="bg-slate-500 h-40 w-30 rounded"
        />
        <div
          class="animate-pulse flex space-x-4"
        >
          <div
            class="flex-1 space-y-6 py-1"
          >
            <div
              class="space-y-3"
            >
              <div
                class="grid grid-cols-3 gap-3"
              >
                <div
                  class="h-2 bg-slate-500 rounded col-span-2"
                />
                <div
                  class="h-2 bg-slate-500 rounded col-span-1"
                />
              </div>
              <div
                class="h-2 bg-slate-500 rounded"
              />
            </div>
          </div>
        </div>
      </div>
    </div>
    <div
      class="dark:bg-gray-900"
    >
      <div
        class="shadow rounded-md max-w-sm w-full mx-auto"
      >
        <div
          class="bg-slate-500 h-40 w-30 rounded"
        />
        <div
          class="animate-pulse flex space-x-4"
        >
          <div
            class="flex-1 space-y-6 py-1"
          >
            <div
              class="space-y-3"
            >
              <div
                class="grid grid-cols-3 gap-3"
              >
                <div
                  class="h-2 bg-slate-500 rounded col-span-2"
                />
                <div
                  class="h-2 bg-slate-500 rounded col-span-1"
                />
              </div>
              <div
                class="h-2 bg-slate-500 rounded"
              />
            </div>
          </div>
        </div>
      </div>
    </div>
    <div
      class="dark:bg-gray-900"
    >
      <div
        class="shadow rounded-md max-w-sm w-full mx-auto"
      >
        <div
          class="bg-slate-500 h-40 w-30 rounded"
        />
        <div
          class="animate-pulse flex space-x-4"
        >
          <div
            class="flex-1 space-y-6 py-1"
          >
            <div
              class="space-y-3"
            >
              <div
                class="grid grid-cols-3 gap-3"
              >
                <div
                  class="h-2 bg-slate-500 rounded col-span-2"
                />
                <div
                  class="h-2 bg-slate-500 rounded col-span-1"
                />
              </div>
              <div
                class="h-2 bg-slate-500 rounded"
              />
            </div>
          </div>
        </div>
      </div>
    </div>
    <div
      class="dark:bg-gray-900"
    >
      <div
        class="shadow rounded-md max-w-sm w-full mx-auto"
      >
        <div
          class="bg-slate-500 h-40 w-30 rounded"
        />
        <div
          class="animate-pulse flex space-x-4"
        >
          <div
            class="flex-1 space-y-6 py-1"
          >
            <div
              class="space-y-3"
            >
              <div
                class="grid grid-cols-3 gap-3"
              >
                <div
                  class="h-2 bg-slate-500 rounded col-span-2"
                />
                <div
                  class="h-2 bg-slate-500 rounded col-span-1"
                />
              </div>
              <div
                class="h-2 bg-slate-500 rounded"
              />
            </div>
          </div>
        </div>
      </div>
    </div>
    <div
      class="dark:bg-gray-900"
    >
      <div
        class="shadow rounded-md max-w-sm w-full mx-auto"
      >
        <div
          class="bg-slate-500 h-40 w-30 rounded"
        />
        <div
          class="animate-pulse flex space-x-4"
        >
          <div
            class="flex-1 space-y-6 py-1"
          >
            <div
              class="space-y-3"
            >
              <div
                class="grid grid-cols-3 gap-3"
              >
                <div
                  class="h-2 bg-slate-500 rounded col-span-2"
                />
                <div
                  class="h-2 bg-slate-500 rounded col-span-1"
                />
              </div>
              <div
                class="h-2 bg-slate-500 rounded"
              />
            </div>
          </div>
        </div>
      </div>
    </div>
    <div
      class="dark:bg-gray-900"
    >
      <div
        class="shadow rounded-md max-w-sm w-full mx-auto"
      >
        <div
          class="bg-slate-500 h-40 w-30 rounded"
        />
        <div
          class="animate-pulse flex space-x-4"
        >
          <div
            class="flex-1 space-y-6 py-1"
          >
            <div
              class="space-y-3"
            >
              <div
                class="grid grid-cols-3 gap-3"
              >
                <div
                  class="h-2 bg-slate-500 rounded col-span-2"
                />
                <div
                  class="h-2 bg-slate-500 rounded col-span-1"
                />
              </div>
              <div
                class="h-2 bg-slate-500 rounded"
              />
            </div>
          </div>
        </div>
      </div>
    </div>
    <div
      class="dark:bg-gray-900"
    >
      <div
        class="shadow rounded-md max-w-sm w-full mx-auto"
      >
        <div
          class="bg-slate-500 h-40 w-30 rounded"
        />
        <div
          class="animate-pulse flex space-x-4"
        >
          <div
            class="flex-1 space-y-6 py-1"
          >
            <div
              class="space-y-3"
            >
              <div
                class="grid grid-cols-3 gap-3"
              >
                <div
                  class="h-2 bg-slate-500 rounded col-span-2"
                />
                <div
                  class="h-2 bg-slate-500 rounded col-span-1"
                />
              </div>
              <div
                class="h-2 bg-slate-500 rounded"
              />
            </div>
          </div>
        </div>
      </div>
    </div>
    <div
      class="dark:bg-gray-900"
    >
      <div
        class="shadow rounded-md max-w-sm w-full mx-auto"
      >
        <div
          class="bg-slate-500 h-40 w-30 rounded"
        />
        <div
          class="animate-pulse flex space-x-4"
        >
          <div
            class="flex-1 space-y-6 py-1"
          >
            <div
              class="space-y-3"
            >
              <div
                class="grid grid-cols-3 gap-3"
              >
                <div
                  class="h-2 bg-slate-500 rounded col-span-2"
                />
                <div
                  class="h-2 bg-slate-500 rounded col-span-1"
                />
              </div>
              <div
                class="h-2 bg-slate-500 rounded"
              />
            </div>
          </div>
        </div>
      </div>
    </div>
    <div
      class="dark:bg-gray-900"
    >
      <div
        class="shadow rounded-md max-w-sm w-full mx-auto"
      >
        <div
          class="bg-slate-500 h-40 w-30 rounded"
        />
        <div
          class="animate-pulse flex space-x-4"
        >
          <div
            class="flex-1 space-y-6 py-1"
          >
            <div
              class="space-y-3"
            >
              <div
                class="grid grid-cols-3 gap-3"
              >
                <div
                  class="h-2 bg-slate-500 rounded col-span-2"
                />
                <div
                  class="h-2 bg-slate-500 rounded col-span-1"
                />
              </div>
              <div
                class="h-2 bg-slate-500 rounded"
              />
            </div>
          </div>
        </div>
      </div>
    </div>
    <div
      class="dark:bg-gray-900"
    >
      <div
        class="shadow rounded-md max-w-sm w-full mx-auto"
      >
        <div
          class="bg-slate-500 h-40 w-30 rounded"
        />
        <div
          class="animate-pulse flex space-x-4"
        >
          <div
            class="flex-1 space-y-6 py-1"
          >
            <div
              class="space-y-3"
            >
              <div
                class="grid grid-cols-3 gap-3"
              >
                <div
                  class="h-2 bg-slate-500 rounded col-span-2"
                />
                <div
                  class="h-2 bg-slate-500 rounded col-span-1"
                />
              </div>
              <div
                class="h-2 bg-slate-500 rounded"
              />
            </div>
          </div>
        </div>
      </div>
    </div>
  </div>
</DocumentFragment>
`;
